<html>
<body>
<pre>
<h1>µVision Build Log</h1>
<h2>Tool Versions:</h2>
IDE-Version: µVision V5.21.1.0
Copyright (C) 2016 ARM Ltd and ARM Germany GmbH. All rights reserved.
License Information: Roshan Reji, University at Buffalo, LIC=----
 
Tool Versions:
Toolchain:       MDK-Lite  Version: 5.21a
Toolchain Path:  C:\Keil_v5\ARM\ARMCC\Bin
C Compiler:      Armcc.exe V5.06 update 3 (build 300)
Assembler:       Armasm.exe V5.06 update 3 (build 300)
Linker/Locator:  ArmLink.exe V5.06 update 3 (build 300)
Library Manager: ArmAr.exe V5.06 update 3 (build 300)
Hex Converter:   FromElf.exe V5.06 update 3 (build 300)
CPU DLL:         SARMCM3.DLL V5.21a
Dialog DLL:      DARMP1.DLL V1.26.0.0
Target DLL:      UL2CM3.DLL V1.158.5.0
Dialog DLL:      TARMP1.DLL V1.25.0.0
 
<h2>Project:</h2>
C:\Users\R()$h\Desktop\Lectures\Embedded Systems\HW3\doraminiproject\miniproj.uvprojx
Project File Date:  12/09/2016

<h2>Output:</h2>
*** Using Compiler 'V5.06 update 3 (build 300)', folder: 'C:\Keil_v5\ARM\ARMCC\Bin'
Rebuild target 'Target 1'
assembling startup_LPC17xx.s...
compiling CRIS_UTILS.c...
compiling GLCD.c...
compiling mini.c...
mini.c(57): warning:  #223-D: function "ufo_position" declared implicitly
         ufo_x_position = ufo_position();    //drawing and upgrading the position of UFO
mini.c(62): warning:  #223-D: function "fire_1_grenade" declared implicitly
  					 fire_1_grenade(ufo_x_position,ufo_y_position);		//funtion for drawing first grenade
mini.c(71): warning:  #223-D: function "ufo_plot" declared implicitly
  		ufo_plot(ufo_x_position,ufo_y_position);
mini.c(79): warning:  #223-D: function "draw_rectangle" declared implicitly
  			draw_rectangle((ufo_x_position),(ufo_y_position),(ufo_x_position+8),(ufo_y_position),4);
mini.c(106): warning:  #223-D: function "draw_rectangle" declared implicitly
  				draw_rectangle((ufo_x_position+52),(ufo_y_position),(ufo_x_position+60),(ufo_y_position),4);
mini.c(145): warning:  #223-D: function "plot_grenade" declared implicitly
  			plot_grenade(x1,y1);	
mini.c(150): warning:  #223-D: function "fire_2_grenade" declared implicitly
  			fire_2_grenade(ufo_x_position,ufo_y_position,x1,y1);	//making arrangements to shoot the second grenade if the interrupt is pressed the second time
mini.c(173): warning:  #223-D: function "plot_grenade" declared implicitly
  			plot_grenade(x2,y2);	
mini.c(196): warning:  #223-D: function "fire_3_grenade" declared implicitly
  			fire_3_grenade(ufo_x_position,ufo_y_position,x1,y1,x2,y2);		//making arrangement to shoot the third grenade if the interrupt is pressed the third time
mini.c(212): warning:  #223-D: function "plot_grenade" declared implicitly
  		plot_grenade(x3,y3);
mini.c(264): warning:  #1-D: last line of file ends without a newline
  	}
mini.c: 11 warnings, 0 errors
compiling Serial.c...
compiling system_LPC17xx.c...
compiling GLCD_LPC1700.c...
linking...
Program Size: Code=8476 RO-data=5612 RW-data=68 ZI-data=612  
".\miniproj.axf" - 0 Error(s), 11 Warning(s).

<h2>Software Packages used:</h2>

Package Vendor: ARM
                http://www.keil.com/pack/ARM.CMSIS.4.5.0.pack
                ARM::CMSIS:CORE:4.3.0
                CMSIS (Cortex Microcontroller Software Interface Standard)
   * Component: CORE Version: 4.3.0

<h2>Collection of Component include folders:</h2>
  C:\Users\R()$h\Desktop\Lectures\Embedded Systems\HW3\doraminiproject\RTE
  C:\Keil_v5\ARM\PACK\ARM\CMSIS\4.5.0\CMSIS\Include
  C:\Keil_v5\ARM\PACK\Keil\LPC1700_DFP\2.2.0\Device\Include

<h2>Collection of Component Files used:</h2>

   * Component: ARM::CMSIS:CORE:4.3.0
Build Time Elapsed:  00:00:05
</pre>
</body>
</html>
